// Jest Snapshot v1, https://goo.gl/fbAQLP

exports[`NoMatch Component should render NoMatch component 1`] = `ShallowWrapper {}`;
