// Jest Snapshot v1, https://goo.gl/fbAQLP

exports[`Loading component should load and render properly 1`] = `ShallowWrapper {}`;
